3826.arm
3com/typhoon.bin
6fire/dmx6firel2.ihx
6fire/dmx6fireap.ihx
6fire/dmx6firecf.bin
acenic/tg1.bin
acenic/tg2.bin
adaptec/starfire_rx.bin
adaptec/starfire_tx.bin
advansys/3550.bin
advansys/38C1600.bin
advansys/38C0800.bin
advansys/mcode.bin
agere_ap_fw.bin
agere_sta_fw.bin
aic94xx-seq.fw
ar3k/1020201/PS_ASIC.pst
ar3k/1020201/RamPatch.txt
ar3k/ramps_0x11020000_40.dfu
ar3k/AthrBT_0x01020200.dfu
ar3k/AthrBT_0x01020001.dfu
ar3k/ramps_0x01020201_26.dfu
ar3k/ramps_0x01020001_26.dfu
ar3k/30000/PS_ASIC.pst
ar3k/30000/ar3kbdaddr.pst
ar3k/30000/RamPatch.txt
ar3k/ramps_0x01020201_40.dfu
ar3k/30101coex/PS_ASIC.pst
ar3k/30101coex/PS_ASIC_aclLowPri.pst
ar3k/30101coex/ar3kbdaddr.pst
ar3k/30101coex/RamPatch.txt
ar3k/30101coex/PS_ASIC_aclHighPri.pst
ar3k/ramps_0x01020200_26.dfu
ar3k/AthrBT_0x01020201.dfu
ar3k/1020200/PS_ASIC.pst
ar3k/1020200/ar3kbdaddr.pst
ar3k/1020200/RamPatch.txt
ar3k/AthrBT_0x31010000.dfu
ar3k/30101/PS_ASIC.pst
ar3k/30101/ar3kbdaddr.pst
ar3k/30101/RamPatch.txt
ar3k/AthrBT_0x11020000.dfu
ar3k/ramps_0x31010000_40.dfu
ar3k/ramps_0x01020200_40.dfu
asihpi/dsp6400.bin
asihpi/dsp6200.bin
asihpi/dsp5000.bin
asihpi/dsp2400.bin
asihpi/dsp6205.bin
asihpi/dsp8700.bin
asihpi/dsp6600.bin
asihpi/dsp8900.bin
ath3k-1.fw
ath6k/AR6003.1/hw2.1.1/bdata.SD31.bin
ath6k/AR6003.1/hw2.1.1/bdata.WB31.bin
ath6k/AR6003.1/hw2.1.1/bdata.SD32.bin
ath6k/AR6003.1/hw2.1.1/data.patch.bin
ath6k/AR6003.1/hw2.1.1/otp.bin
ath6k/AR6003.1/hw2.1.1/endpointping.bin
ath6k/AR6003.1/hw2.1.1/athwlan.bin
ath6k/AR6002/data.patch.hw2_0.bin
ath6k/AR6002/eeprom.data
ath6k/AR6002/eeprom.bin
ath6k/AR6002/athwlan.bin.z77
ath6k/AR6003/hw1.0/bdata.SD31.bin
ath6k/AR6003/hw1.0/bdata.WB31.bin
ath6k/AR6003/hw1.0/bdata.SD32.bin
ath6k/AR6003/hw1.0/data.patch.bin
ath6k/AR6003/hw1.0/otp.bin.z77
ath6k/AR6003/hw1.0/athwlan.bin.z77
ath6k/AR6003/hw2.0/bdata.SD31.bin
ath6k/AR6003/hw2.0/bdata.WB31.bin
ath6k/AR6003/hw2.0/bdata.SD32.bin
ath6k/AR6003/hw2.0/data.patch.bin
ath6k/AR6003/hw2.0/otp.bin.z77
ath6k/AR6003/hw2.0/athwlan.bin.z77
ath6k/AR6003/hw2.1.1/bdata.SD31.bin
ath6k/AR6003/hw2.1.1/bdata.WB31.bin
ath6k/AR6003/hw2.1.1/bdata.SD32.bin
ath6k/AR6003/hw2.1.1/data.patch.bin
ath6k/AR6003/hw2.1.1/otp.bin
ath6k/AR6003/hw2.1.1/endpointping.bin
ath6k/AR6003/hw2.1.1/athwlan.bin
ath6k/AR6003/hw2.1.1/fw-2.bin
ath6k/AR6003/hw2.1.1/fw-3.bin
ath6k/AR6004/hw1.2/bdata.bin
ath6k/AR6004/hw1.2/fw-2.bin
ath6k/AR6004/hw1.3/bdata.bin
ath6k/AR6004/hw1.3/fw-3.bin
ath9k_htc/htc_7010-1.4.0.fw
ath9k_htc/htc_9271-1.4.0.fw
ath10k/QCA988X/hw2.0/firmware-4.bin
atmel_at76c502_3com.bin
atmel_at76c502_3com-wpa.bin
atmel_at76c502.bin
atmel_at76c502d.bin
atmel_at76c502d-wpa.bin
atmel_at76c502e.bin
atmel_at76c502e-wpa.bin
atmel_at76c502-wpa.bin
atmel_at76c503-i3861.bin
atmel_at76c503-i3863.bin
atmel_at76c503-rfmd-acc.bin
atmel_at76c503-rfmd.bin
atmel_at76c504_2958.bin
atmel_at76c504_2958-wpa.bin
atmel_at76c504a_2958.bin
atmel_at76c504a_2958-wpa.bin
atmel_at76c504.bin
atmel_at76c505a-rfmd2958.bin
atmel_at76c505-rfmd2958.bin
atmel_at76c505-rfmd.bin
atmel_at76c506.bin
atmel_at76c506-wpa.bin
av7110/bootcode.bin
bcm2033-fw.bin
bcm2033-md.hex
BCM-LEGAL.txt
bnx2/bnx2-mips-06-6.2.1.fw
bnx2/bnx2-rv2p-09-6.0.17.fw
bnx2/bnx2-mips-09-6.2.1b.fw
bnx2/bnx2-rv2p-09ax-6.0.17.fw
bnx2/bnx2-rv2p-06-6.0.15.fw
bnx2/bnx2-mips-06-6.2.3.fw
bnx2/bnx2-mips-09-6.2.1a.fw
bnx2x/bnx2x-e1-6.2.9.0.fw
bnx2x/bnx2x-e2-6.2.9.0.fw
bnx2x/bnx2-mips-09-6.2.1b.fw
bnx2x/bnx2x-e2-7.0.29.0.fw
bnx2x/bnx2x-e1h-6.2.9.0.fw
bnx2x/bnx2-mips-06-6.2.3.fw
bnx2x/bnx2x-e1h-7.0.29.0.fw
bnx2x/bnx2x-e1-7.0.29.0.fw
brcm/bcm4329-fullmac-4.bin
brcm/bcm43xx-0.fw
brcm/bcm43xx_hdr-0.fw
brcm/brcmfmac43143.bin
brcm/brcmfmac43143-sdio.bin
brcm/brcmfmac43236b.bin
brcm/brcmfmac43242a.bin
brcm/brcmfmac4329-sdio.bin
brcm/brcmfmac4330-sdio.bin
brcm/brcmfmac43340-sdio.bin
brcm/brcmfmac4334-sdio.bin
brcm/brcmfmac43362-sdio.bin
brcm/brcmfmac43455-sdio.bin
brcm/brcmfmac43569.bin
carl9170-1.fw
cis/COMpad2.cis
cis/DP83903.cis
cis/SW_555_SER.cis
cis/NE2K.cis
cis/RS-COM-2P.cis
cis/PCMLM28.cis
cis/tamarack.cis
cis/COMpad4.cis
cis/PE-200.cis
cis/PE520.cis
cis/3CCFEM556.cis
cis/LA-PCM.cis
cis/SW_8xx_SER.cis
cis/MT5634ZLX.cis
cis/3CXEM556.cis
cis/SW_7xx_SER.cis
cpia2/stv0672_vp4.bin
cxgb3/ael2020_twx_edc.bin
cxgb3/t3b_psram-1.1.0.bin
cxgb3/t3fw-7.10.0.bin
cxgb3/ael2005_opt_edc.bin
cxgb3/ael2005_twx_edc.bin
cxgb3/t3c_psram-1.1.0.bin
cxgb3/t3fw-7.0.0.bin
cxgb3/t3fw-7.1.0.bin
cxgb3/t3fw-7.12.0.bin
cxgb3/t3fw-7.4.0.bin
cxgb4/t4fw-1.13.32.0.bin
cxgb4/t4fw.bin
cxgb4/t5fw-1.13.32.0.bin
cxgb4/t5fw.bin
dvb-fe-bcm3510-01.fw
dvb-fe-or51132-qam.fw
dvb-fe-or51132-vsb.fw
dvb-fe-or51211.fw
dvb-fe-xc5000-1.6.114.fw
dvb-ttpci-01.fw-2622
dvb-usb-avertv-a800-02.fw
dvb-usb-bluebird-01.fw
dvb-usb-dib0700-1.20.fw
dvb-usb-dibusb-5.0.0.11.fw
dvb-usb-dibusb-6.0.0.8.fw
dvb-usb-dtt200u-01.fw
dvb-usb-terratec-h5-drxk.fw
dvb-usb-terratec-h7-az6007.fw
dvb-usb-terratec-h7-drxk.fw
dvb-usb-umt-010-02.fw
dvb-usb-vp702x-01.fw
dvb-usb-vp7045-01.fw
dvb-usb-wt220u-02.fw
e100/d101s_ucode.bin
e100/d101m_ucode.bin
e100/d102e_ucode.bin
ea/mona_361_1_asic_48.fw
ea/mona_361_dsp.fw
ea/indigo_io_dsp.fw
ea/layla24_2A_asic.fw
ea/indigo_dsp.fw
ea/layla24_dsp.fw
ea/layla20_dsp.fw
ea/3g_asic.fw
ea/gina24_361_asic.fw
ea/layla24_1_asic.fw
ea/mona_301_1_asic_96.fw
ea/mona_361_1_asic_96.fw
ea/layla20_asic.fw
ea/gina24_301_asic.fw
ea/darla24_dsp.fw
ea/mona_2_asic.fw
ea/gina24_361_dsp.fw
ea/gina20_dsp.fw
ea/mia_dsp.fw
ea/indigo_dj_dsp.fw
ea/mona_301_1_asic_48.fw
ea/indigo_djx_dsp.fw
ea/darla20_dsp.fw
ea/indigo_iox_dsp.fw
ea/loader_dsp.fw
ea/echo3g_dsp.fw
ea/layla24_2S_asic.fw
ea/mona_301_dsp.fw
ea/gina24_301_dsp.fw
edgeport/boot.fw
edgeport/down2.fw
edgeport/down3.bin
edgeport/down.fw
edgeport/boot2.fw
emi26/bitstream.fw
emi26/firmware.fw
emi26/loader.fw
emi62/spdif.fw
emi62/bitstream.fw
emi62/midi.fw
emi62/loader.fw
emu/hana.fw
emu/emu1010b.fw
emu/emu1010_notebook.fw
emu/micro_dock.fw
emu/emu0404.fw
emu/audio_dock.fw
ene-ub6250/ms_rdwr.bin
ene-ub6250/ms_init.bin
ene-ub6250/sd_init1.bin
ene-ub6250/sd_init2.bin
ene-ub6250/msp_rdwr.bin
ene-ub6250/sd_rdwr.bin
ess/maestro3_assp_minisrc.fw
ess/maestro3_assp_kernel.fw
htc_7010.fw
htc_9271.fw
i1480-usb-0.0.bin
intel/ibt-hw-37.7.10-fw-1.0.1.2d.d.bseq
intel/ibt-hw-37.7.10-fw-1.0.2.3.d.bseq
intel/ibt-hw-37.7.10-fw-1.80.1.2d.d.bseq
intel/ibt-hw-37.7.10-fw-1.80.2.3.d.bseq
intel/ibt-hw-37.7.bseq
intel/ibt-hw-37.8.10-fw-1.10.2.27.d.bseq
intel/ibt-hw-37.8.10-fw-1.10.3.11.e.bseq
intel/ibt-hw-37.8.bseq
ipw2100-1.3.fw
ipw2100-1.3-i.fw
ipw2100-1.3-p.fw
ipw2200-bss.fw
ipw2200-ibss.fw
ipw2200-sniffer.fw
isci/isci_firmware.bin
isl3877
isl3886
isl3886pci
isl3886usb
isl3887usb
isl3890
iwlwifi-1000-3.ucode
iwlwifi-1000-5.ucode
iwlwifi-100-5.ucode
iwlwifi-105-6.ucode
iwlwifi-2000-6.ucode
iwlwifi-3160-7.ucode
iwlwifi-3945-2.ucode
iwlwifi-4965-2.ucode
iwlwifi-5000-1.ucode
iwlwifi-5000-2.ucode
iwlwifi-5000-5.ucode
iwlwifi-5150-2.ucode
kaweth/new_code.bin
kaweth/trigger_code_fix.bin
kaweth/new_code_fix.bin
kaweth/trigger_code.bin
keyspan/usa28.fw
keyspan/usa19qw.fw
keyspan/mpr.fw
keyspan/usa28x.fw
keyspan/usa19w.fw
keyspan/usa19.fw
keyspan/usa49wlc.fw
keyspan/usa19qi.fw
keyspan/usa49w.fw
keyspan/usa18x.fw
keyspan/usa28xa.fw
keyspan/usa28xb.fw
keyspan_pda/keyspan_pda.fw
keyspan_pda/xircom_pgs.fw
korg/k1212.dsp
lbtf_usb.bin
libertas/cf8381.bin
libertas/cf8381_helper.bin
libertas/cf8385.bin
libertas/cf8385_helper.bin
libertas/gspi8682.bin
libertas/gspi8682_helper.bin
libertas/gspi8686_v9.bin
libertas/gspi8686_v9_helper.bin
libertas/gspi8688.bin
libertas/gspi8686.bin
libertas/gspi8688_helper.bin
libertas/lbtf_sdio.bin
libertas/sd8385.bin
libertas/sd8385_helper.bin
libertas/sd8682.bin
libertas/sd8682_helper.bin
libertas/sd8686_v8.bin
libertas/sd8686_v8_helper.bin
libertas/sd8686_v9.bin
libertas/sd8686_v9_helper.bin
libertas/sd8688.bin
libertas/sd8688_helper.bin
libertas/usb8388_v9.bin
libertas/usb8388_v5.bin
libertas/usb8388_olpc.bin
libertas/usb8682.bin
libertas_cs.fw
libertas_cs_helper.fw
LICENCE.agere
LICENCE.atheros_firmware
LICENCE.broadcom_bcm43xx
LICENCE.chelsio_firmware
LICENCE.ene_firmware
LICENCE.i2400m
LICENCE.iwlwifi_firmware
LICENCE.libertas
LICENCE.Marvell
LICENCE.mwl8335
LICENCE.mwl8k
LICENCE.myri10ge_firmware
LICENCE.OLPC
LICENCE.phanfw
LICENCE.qla2xxx
LICENCE.ralink-firmware.txt
LICENCE.rtlwifi_firmware.txt
LICENCE.tda7706-firmware.txt
LICENCE.ti-connectivity
LICENCE.ueagle-atm4-firmware
LICENCE.via_vt6656
LICENCE.xc5000
LICENSE
LICENSE.dib0700
license-end-user.txt
LICENSE.ipw2200-fw
LICENSE.iwlwifi-1000-ucode
LICENSE.iwlwifi-100-ucode
LICENSE.iwlwifi-3945-ucode
LICENSE.iwlwifi-4965-ucode
LICENSE.iwlwifi-5000-ucode
LICENSE.iwlwifi-5150-ucode
LICENSE.iwlwifi-6000g2a-ucode
LICENSE.iwlwifi-6000g2b-ucode
LICENSE.iwlwifi-6000-ucode
LICENSE.iwlwifi-6050-ucode
LICENSE.iwlwifi-ucode
license-oemihvisv.txt
LICENSE.radeon_rlc
LICENSE.ralink-firmware.txt
matrox/g200_warp.fw
matrox/g400_warp.fw
mixart/miXart8AES.xlx
mixart/miXart8.xlx
mixart/miXart8.elf
mrvl/sd8688.bin
mrvl/sd8688_helper.bin
mrvl/sd8887_uapsta.bin
mrvl/sd8897_uapsta.bin
mts_cdma.fw
mts_edge.fw
mts_gsm.fw
mts_mt9234mu.fw
mts_mt9234zba.fw
mwl8k/helper_8687.fw
mwl8k/fmimage_8366_ap-2.fw
mwl8k/helper_8366.fw
mwl8k/fmimage_8687.fw
mwl8k/fmimage_8366.fw
mwl8k/fmimage_8366_ap-1.fw
mwl8k/fmimage_8366_ap-3.fw
mwl8k/fmimage_8764_ap-1.fw
myri10ge_ethp_z8e.dat
myri10ge_eth_z8e.dat
myri10ge_rss_ethp_z8e.dat
myri10ge_rss_eth_z8e.dat
ositech/Xilinx7OD.bin
ql2100_fw.bin
ql2200_fw.bin
ql2300_fw.bin
ql2322_fw.bin
ql2400_fw.bin
ql2500_fw.bin
qlogic/1280.bin
qlogic/1040.bin
qlogic/isp1000.bin
qlogic/sd7220.fw
qlogic/12160.bin
r128/r128_cce.bin
radeon/RS600_cp.bin
radeon/RV630_pfp.bin
radeon/TURKS_smc.bin
radeon/CYPRESS_smc.bin
radeon/BONAIRE_smc.bin
radeon/TURKS_pfp.bin
radeon/CEDAR_rlc.bin
radeon/CAICOS_pfp.bin
radeon/BONAIRE_pfp.bin
radeon/KABINI_rlc.bin
radeon/VERDE_rlc.bin
radeon/SUMO_uvd.bin
radeon/VERDE_ce.bin
radeon/ARUBA_pfp.bin
radeon/R700_rlc.bin
radeon/BARTS_smc.bin
radeon/KAVERI_sdma.bin
radeon/CAYMAN_me.bin
radeon/KAVERI_ce.bin
radeon/RV635_me.bin
radeon/R600_pfp.bin
radeon/JUNIPER_pfp.bin
radeon/BTC_rlc.bin
radeon/CAICOS_mc.bin
radeon/RV730_me.bin
radeon/OLAND_ce.bin
radeon/KABINI_sdma.bin
radeon/PITCAIRN_pfp.bin
radeon/HAWAII_ce.bin
radeon/REDWOOD_rlc.bin
radeon/TAHITI_smc.bin
radeon/RS780_me.bin
radeon/RV770_me.bin
radeon/RV610_me.bin
radeon/RV620_me.bin
radeon/R200_cp.bin
radeon/TURKS_mc.bin
radeon/LICENSE.radeon
radeon/R600_rlc.bin
radeon/HAWAII_rlc.bin
radeon/RV635_pfp.bin
radeon/HAINAN_mc.bin
radeon/RV730_smc.bin
radeon/KAVERI_rlc.bin
radeon/R600_me.bin
radeon/OLAND_mc.bin
radeon/VERDE_pfp.bin
radeon/BONAIRE_mec.bin
radeon/CEDAR_smc.bin
radeon/BONAIRE_mc.bin
radeon/CYPRESS_rlc.bin
radeon/BARTS_mc.bin
radeon/TAHITI_rlc.bin
radeon/HAINAN_pfp.bin
radeon/BONAIRE_me.bin
radeon/OLAND_pfp.bin
radeon/RV710_smc.bin
radeon/CYPRESS_pfp.bin
radeon/CEDAR_pfp.bin
radeon/R100_cp.bin
radeon/BARTS_me.bin
radeon/SUMO_me.bin
radeon/RV770_smc.bin
radeon/CAICOS_me.bin
radeon/KABINI_pfp.bin
radeon/HAWAII_mec.bin
radeon/HAWAII_mc.bin
radeon/JUNIPER_me.bin
radeon/BARTS_pfp.bin
radeon/KABINI_me.bin
radeon/PITCAIRN_ce.bin
radeon/BONAIRE_uvd.bin
radeon/TAHITI_pfp.bin
radeon/HAWAII_smc.bin
radeon/KAVERI_me.bin
radeon/TAHITI_me.bin
radeon/HAINAN_rlc.bin
radeon/PITCAIRN_smc.bin
radeon/CAYMAN_smc.bin
radeon/CYPRESS_me.bin
radeon/PITCAIRN_rlc.bin
radeon/PALM_pfp.bin
radeon/TAHITI_mc.bin
radeon/SUMO2_pfp.bin
radeon/RV670_me.bin
radeon/SUMO_pfp.bin
radeon/OLAND_rlc.bin
radeon/R420_cp.bin
radeon/HAINAN_me.bin
radeon/RV610_pfp.bin
radeon/BONAIRE_sdma.bin
radeon/CAICOS_smc.bin
radeon/TAHITI_uvd.bin
radeon/CAYMAN_pfp.bin
radeon/RV710_me.bin
radeon/PITCAIRN_me.bin
radeon/REDWOOD_smc.bin
radeon/RS780_pfp.bin
radeon/KAVERI_mec.bin
radeon/RV670_pfp.bin
radeon/HAINAN_smc.bin
radeon/KAVERI_pfp.bin
radeon/R520_cp.bin
radeon/VERDE_mc.bin
radeon/SUMO2_me.bin
radeon/HAINAN_ce.bin
radeon/OLAND_smc.bin
radeon/JUNIPER_rlc.bin
radeon/KABINI_ce.bin
radeon/RV620_pfp.bin
radeon/BONAIRE_ce.bin
radeon/RV740_smc.bin
radeon/CEDAR_me.bin
radeon/RV730_pfp.bin
radeon/SUMO_rlc.bin
radeon/PALM_me.bin
radeon/CAYMAN_rlc.bin
radeon/KABINI_mec.bin
radeon/BONAIRE_rlc.bin
radeon/VERDE_me.bin
radeon/RV770_pfp.bin
radeon/PITCAIRN_mc.bin
radeon/RV710_pfp.bin
radeon/TAHITI_ce.bin
radeon/CYPRESS_uvd.bin
radeon/REDWOOD_pfp.bin
radeon/RS690_cp.bin
radeon/JUNIPER_smc.bin
radeon/R300_cp.bin
radeon/ARUBA_rlc.bin
radeon/VERDE_smc.bin
radeon/TURKS_me.bin
radeon/HAWAII_me.bin
radeon/OLAND_me.bin
radeon/RV710_uvd.bin
radeon/CAYMAN_mc.bin
radeon/HAWAII_sdma.bin
radeon/ARUBA_me.bin
radeon/REDWOOD_me.bin
radeon/RV630_me.bin
radeon/HAWAII_pfp.bin
README.iwlwifi-6000g2b-ucode
rt2561.bin
rt2561s.bin
rt2661.bin
rt2860.bin
RT2860STA.dat
rt2870.bin
RT2870STA.dat
rt3070.bin
rt3071.bin
rt3090.bin
rt3290.bin
rt73.bin
RTL8192U/main.img
RTL8192U/boot.img
RTL8192U/data.img
rtl_nic/rtl8105e-1.fw
rtl_nic/rtl8168e-2.fw
rtl_nic/rtl8168f-2.fw
rtl_nic/rtl8168d-1.fw
rtl_nic/rtl8168d-2.fw
rtl_nic/rtl8168e-1.fw
rtl_nic/rtl8168e-3.fw
rtl_nic/rtl8168f-1.fw
rtl_nic/rtl8106e-1.fw
rtl_nic/rtl8106e-2.fw
rtl_nic/rtl8107e-1.fw
rtl_nic/rtl8107e-2.fw
rtl_nic/rtl8168g-1.fw
rtl_nic/rtl8168g-2.fw
rtl_nic/rtl8168g-3.fw
rtl_nic/rtl8168h-1.fw
rtl_nic/rtl8168h-2.fw
rtl_nic/rtl8402-1.fw
rtl_nic/rtl8411-1.fw
rtl_nic/rtl8411-2.fw
rtlwifi/rtl8192defw.bin
rtlwifi/rtl8192cfw.bin
rtlwifi/rtl8192cfwU.bin
rtlwifi/rtl8192sefw.bin
rtlwifi/rtl8192sefw.old.bin
rtlwifi/rtl8192defw_12.bin
rtlwifi/rtl8712u.bin
rtlwifi/rtl8192cfwU_B.bin
rtlwifi/rtl8192cufw.bin
rtlwifi/rtl8723fw_B.bin
rtlwifi/Realtek-Firmware-License.txt
rtlwifi/rtl8723fw.bin
rtlwifi/rtl8188efw.bin
rtlwifi/rtl8192cufw_A.bin
rtlwifi/rtl8192cufw_B.bin
rtlwifi/rtl8192cufw_TMSC.bin
rtlwifi/rtl8192eefw.bin
rtlwifi/rtl8723aufw_A.bin
rtlwifi/rtl8723aufw_B.bin
rtlwifi/rtl8723aufw_B_NoBT.bin
rtlwifi/rtl8723befw.bin
rtlwifi/rtl8821aefw.bin
rtlwifi/rtl8821aefw_wowlan.bin
slicoss/oasisdownload.sys
slicoss/gbdownload.sys
slicoss/gbrcvucode.sys
slicoss/oasisrcvucode.sys
slicoss/oasisdbgdownload.sys
sun/cassini.bin
sxg/saharadbgdownloadB.sys
sxg/saharadownloadB.sys
tamarack.cis
TDA7706_OM_v2.5.1_boot.txt
TDA7706_OM_v3.0.2_boot.txt
tehuti/bdx.bin
ti_3410.fw
ti_5052.fw
ti-connectivity/wl127x-fw-3.bin
ti-connectivity/wl128x-fw-3.bin
tigon/tg3_tso.bin
tigon/tg3.bin
tigon/tg3_tso5.bin
ttusb-budget/dspbootcode.bin
v4l-cx231xx-avcore-01.fw
v4l-cx23418-apu.fw
v4l-cx23418-cpu.fw
v4l-cx23418-dig.fw
v4l-cx2341x-dec.fw
v4l-cx2341x-enc.fw
v4l-cx23885-avcore-01.fw
v4l-cx23885-enc.fw
v4l-cx25840.fw
v4l-pvrusb2-29xxx-01.fw
vntwusb.fw
vx/l_1_vp4.d56
vx/x1_1_vx2.xlx
vx/x1_1_vp4.xlx
vx/bd56002.boot
vx/bx_1_vp4.b56
vx/x1_2_v22.xlx
vx/l_1_v22.d56
vx/l_1_vx2.d56
vx/bd563s3.boot
vx/l_1_vxp.d56
vx/bx_1_vxp.b56
vx/x1_1_vxp.xlx
vx/bd563v2.boot
WHENCE
whiteheat.fw
whiteheat_loader.fw
yamaha/ds1_dsp.fw
yamaha/ds1e_ctrl.fw
yamaha/ds1_ctrl.fw
yamaha/yss225_registers.bin
zd1201-ap.fw
zd1201.fw
zd1211/zd1211_ub
zd1211/zd1211b_uphm
zd1211/zd1211b_ub
zd1211/zd1211b_uphr
zd1211/zd1211_uph
zd1211/zd1211b_uph
zd1211/zd1211_ur
zd1211/README
zd1211/zd1211b_ur
zd1211/zd1211_uphm
zd1211/zd1211_uphr
