# help

title acpi=off     Default on for PCs >2001, may give boot/shutdown probs.\nPress Enter to go back to main menu
  configfile /menu.lst
  
title pfix=ram     Run totally in RAM ignore saved sessions\nPress Enter to go back to main menu
  configfile /menu.lst

title pfix=<n>     number of saved sessions to ignore (multisession-CD)\nPress Enter to go back to main menu
  configfile /menu.lst

title pfix=nox     commandline only, do not start X (graphical desktop)\nPress Enter to go back to main menu
  configfile /menu.lst

title pfix=xorgwizard force xorgwizard-cli for the current session\nPress Enter to go back to main menu
  configfile /menu.lst

title pfix=copy    copy .sfs files to RAM (slower boot, faster running)\nPress Enter to go back to main menu
  configfile /menu.lst

title pfix=nocopy  do not copy .sfs files to RAM (faster boot, slower running)\nPress Enter to go back to main menu
  configfile /menu.lst

title pfix=fsck    do filesystem check on savefile (and host partition)\nPress Enter to go back to main menu
  configfile /menu.lst

title pfix=clean   file cleanup (simulate version upgrade)\nPress Enter to go back to main menu
  configfile /menu.lst

title plang=<xxxx> Locale -- not normally required as asked after bootup\nPress Enter to go back to main menu
  configfile /menu.lst

title pkeys=<xx>   Keyboard layout\n br-latin1-abnt2 br-latin1-us by cf croat cz de de-latin1 dk dvorak dvorak-l \ndvorak-r es et fi fr gr hu101 hu il it jp106 lt mk nl no pl pt-latin1 ro ru \nse sg sk-qwerty sk-qwertz slovene sv-latin1 uk us wangbe
  configfile /menu.lst

title Example: acpi=off pkeys=fr pfix=nox,ram\nDESKTOP FAIL: Black-screen/hangs, press reset or hold power-button down 4 secs\nnext bootup will force run of Video Wizard: choose alternate driver/settings.
  configfile /menu.lst


title
  root

title These help locating files at bootup. Examples:
  configfile /menu.lst
title
  root

title pdev1=sdc1      The boot partition.\nPress Enter to go back to main menu
  configfile /menu.lst

title psubdir=/pathto/DISTRO_FILE_PREFIX Path in which the OS is installed.\nPress Enter to go back to main menu
  configfile /menu.lst

title psavemark=2     Partition no. (in boot drive) to save session to.\nPress Enter to go back to main menu
  configfile /menu.lst

title pmedia=usbflash Type of media booting from. Choose one of these:\n usbflash usbhd usbcd ataflash atahd atacd atazip scsihd scsicd cd
  configfile /menu.lst

title
  root

title pupsfs=X zdrv=X fdrv=X adrv=X ydrv=X Override auto search\nPress Enter to go back to main menu
  configfile /menu.lst

title X has this format: paramater=partition:filename \npartition can be a name "sdc1", a Label "Work" or UUID "49baa82d-8c69"\nfilename can be "/path/filename", "filename" or absent (":" not needed)\nPress Enter to go back to main menu
  configfile /menu.lst

title
  root

title The following are for debugging, for experts only:\nMore help here: http://kernel.org/doc/Documentation/kernel-parameters.txt
  configfile /menu.lst
title
  root

title loglevel=<n>    Bootup verbosity. 7 is high verbosity for debugging\nPress Enter to go back to main menu
  configfile /menu.lst

title pfix=rdsh       Execute 'init' then dropout to prompt in initramfs\nPress Enter to go back to main menu
  configfile /menu.lst
