#
# menu.lst
#

#color NORMAL   HIGHLIGHT   HELPTEXT    HEADING
#       f/b          f/b       f/b       f/b
color white/blue black/cyan white/black cyan/black

timeout 15
default 0

title #distrodesc#
  kernel /vmlinuz    pfix=fsck pmedia=cd
  initrd /initrd.gz

title #distrodesc# - Don't copy SFS files to RAM\nIf you want more RAM available
  kernel /vmlinuz    pmedia=cd pfix=fsck,nocopy
  initrd /initrd.gz

title #distrodesc# - Force xorgwizard (xorgwizard)\nForce xorgwizard (if you are having problems booting puppy)...
  kernel /vmlinuz    pmedia=cd pfix=xorgwizard,fsck
  initrd /initrd.gz

title #distrodesc# - No X\nTry 'xorgwizard' after bootup succeed to start graphic mode.
  kernel /vmlinuz    pmedia=cd pfix=nox,fsck
  initrd /initrd.gz

title #distrodesc# - No Kernel Mode Setting\nNo KMS
  kernel /vmlinuz    pmedia=cd nomodeset pfix=fsck
  initrd /initrd.gz

title #distrodesc# - Safe mode, no X\nTry 'xorgwizard' after bootup succeed to start graphic mode.
  kernel /vmlinuz    pmedia=cd pfix=ram,nox,fsck
  initrd /initrd.gz
  
title #distrodesc# - RAM only - no pupsave\nBoot up Puppy without pupsave
  kernel /vmlinuz    pmedia=cd pfix=ram,fsck
  initrd /initrd.gz

title #distrodesc# - Ram Disk SHell\nExecute 'init' then dropout to prompt in initramfs
  kernel /vmlinuz    pmedia=cd pfix=rdsh
  initrd /initrd.gz

title
  root

title Help - Boot Params
  configfile /menu_phelp.lst

title
  root
  
# Boot from Partition Boot Sector

title Boot first hard drive (hd0,0)
  root (hd0,0)
  chainloader +1 || chainloader /grldr || chainloader /bootmngr

title
  root

# additionals

title Grub4Dos commandline\n(for experts only)
  commandline

title Reboot computer
  reboot

title Halt computer
  halt
